[2023-06-28T23:21:25.098-0500][gc,heap] Heap region size: 1M
[2023-06-28T23:21:25.107-0500][gc     ] Using G1
[2023-06-28T23:21:25.107-0500][gc,heap,coops] Heap address: 0x00000007c0000000, size: 1024 MB, Compressed Oops mode: Zero based, Oop shift amount: 3
[2023-06-28T23:21:30.923-0500][gc,start     ] GC(0) Pause Young (Concurrent Start) (Metadata GC Threshold)
[2023-06-28T23:21:30.923-0500][gc,task      ] GC(0) Using 13 workers of 13 for evacuation
[2023-06-28T23:21:30.931-0500][gc,phases    ] GC(0)   Pre Evacuate Collection Set: 0.1ms
[2023-06-28T23:21:30.931-0500][gc,phases    ] GC(0)   Evacuate Collection Set: 6.7ms
[2023-06-28T23:21:30.931-0500][gc,phases    ] GC(0)   Post Evacuate Collection Set: 0.4ms
[2023-06-28T23:21:30.931-0500][gc,phases    ] GC(0)   Other: 1.1ms
[2023-06-28T23:21:30.931-0500][gc,heap      ] GC(0) Eden regions: 45->0(44)
[2023-06-28T23:21:30.931-0500][gc,heap      ] GC(0) Survivor regions: 0->7(7)
[2023-06-28T23:21:30.931-0500][gc,heap      ] GC(0) Old regions: 0->0
[2023-06-28T23:21:30.931-0500][gc,heap      ] GC(0) Humongous regions: 0->0
[2023-06-28T23:21:30.931-0500][gc,metaspace ] GC(0) Metaspace: 20805K(21296K)->20805K(21296K) NonClass: 18554K(18864K)->18554K(18864K) Class: 2250K(2432K)->2250K(2432K)
[2023-06-28T23:21:30.931-0500][gc           ] GC(0) Pause Young (Concurrent Start) (Metadata GC Threshold) 45M->6M(1024M) 8.338ms
[2023-06-28T23:21:30.931-0500][gc,cpu       ] GC(0) User=0.02s Sys=0.01s Real=0.01s
[2023-06-28T23:21:30.931-0500][gc           ] GC(1) Concurrent Cycle
[2023-06-28T23:21:30.931-0500][gc,marking   ] GC(1) Concurrent Clear Claimed Marks
[2023-06-28T23:21:30.931-0500][gc,marking   ] GC(1) Concurrent Clear Claimed Marks 0.019ms
[2023-06-28T23:21:30.931-0500][gc,marking   ] GC(1) Concurrent Scan Root Regions
[2023-06-28T23:21:30.932-0500][gc,marking   ] GC(1) Concurrent Scan Root Regions 1.315ms
[2023-06-28T23:21:30.932-0500][gc,marking   ] GC(1) Concurrent Mark (5.841s)
[2023-06-28T23:21:30.932-0500][gc,marking   ] GC(1) Concurrent Mark From Roots
[2023-06-28T23:21:30.932-0500][gc,task      ] GC(1) Using 3 workers of 3 for marking
[2023-06-28T23:21:30.933-0500][gc,marking   ] GC(1) Concurrent Mark From Roots 0.201ms
[2023-06-28T23:21:30.933-0500][gc,marking   ] GC(1) Concurrent Preclean
[2023-06-28T23:21:30.933-0500][gc,marking   ] GC(1) Concurrent Preclean 0.035ms
[2023-06-28T23:21:30.933-0500][gc,marking   ] GC(1) Concurrent Mark (5.841s, 5.841s) 0.280ms
[2023-06-28T23:21:30.933-0500][gc,start     ] GC(1) Pause Remark
[2023-06-28T23:21:30.934-0500][gc,stringtable] GC(1) Cleaned string and symbol table, strings: 7226 processed, 0 removed, symbols: 63790 processed, 32 removed
[2023-06-28T23:21:30.934-0500][gc            ] GC(1) Pause Remark 7M->7M(1024M) 1.285ms
[2023-06-28T23:21:30.934-0500][gc,cpu        ] GC(1) User=0.01s Sys=0.00s Real=0.00s
[2023-06-28T23:21:30.934-0500][gc,marking    ] GC(1) Concurrent Rebuild Remembered Sets
[2023-06-28T23:21:30.934-0500][gc,marking    ] GC(1) Concurrent Rebuild Remembered Sets 0.077ms
[2023-06-28T23:21:30.934-0500][gc,start      ] GC(1) Pause Cleanup
[2023-06-28T23:21:30.934-0500][gc            ] GC(1) Pause Cleanup 7M->7M(1024M) 0.141ms
[2023-06-28T23:21:30.934-0500][gc,cpu        ] GC(1) User=0.00s Sys=0.00s Real=0.00s
[2023-06-28T23:21:30.934-0500][gc,marking    ] GC(1) Concurrent Cleanup for Next Mark
[2023-06-28T23:21:30.939-0500][gc,marking    ] GC(1) Concurrent Cleanup for Next Mark 4.301ms
[2023-06-28T23:21:30.939-0500][gc            ] GC(1) Concurrent Cycle 7.857ms
[2023-06-28T23:21:32.130-0500][gc,start      ] GC(2) Pause Young (Normal) (G1 Evacuation Pause)
[2023-06-28T23:21:32.130-0500][gc,task       ] GC(2) Using 13 workers of 13 for evacuation
[2023-06-28T23:21:32.136-0500][gc,phases     ] GC(2)   Pre Evacuate Collection Set: 0.0ms
[2023-06-28T23:21:32.136-0500][gc,phases     ] GC(2)   Evacuate Collection Set: 5.4ms
[2023-06-28T23:21:32.136-0500][gc,phases     ] GC(2)   Post Evacuate Collection Set: 0.6ms
[2023-06-28T23:21:32.136-0500][gc,phases     ] GC(2)   Other: 0.1ms
[2023-06-28T23:21:32.136-0500][gc,heap       ] GC(2) Eden regions: 44->0(48)
[2023-06-28T23:21:32.136-0500][gc,heap       ] GC(2) Survivor regions: 7->3(7)
[2023-06-28T23:21:32.136-0500][gc,heap       ] GC(2) Old regions: 0->7
[2023-06-28T23:21:32.136-0500][gc,heap       ] GC(2) Humongous regions: 129->129
[2023-06-28T23:21:32.136-0500][gc,metaspace  ] GC(2) Metaspace: 30494K(31408K)->30494K(31408K) NonClass: 27021K(27568K)->27021K(27568K) Class: 3473K(3840K)->3473K(3840K)
[2023-06-28T23:21:32.136-0500][gc            ] GC(2) Pause Young (Normal) (G1 Evacuation Pause) 179M->138M(1024M) 6.271ms
[2023-06-28T23:21:32.136-0500][gc,cpu        ] GC(2) User=0.05s Sys=0.02s Real=0.00s
[2023-06-28T23:21:32.359-0500][gc,start      ] GC(3) Pause Young (Concurrent Start) (Metadata GC Threshold)
[2023-06-28T23:21:32.359-0500][gc,task       ] GC(3) Using 13 workers of 13 for evacuation
[2023-06-28T23:21:32.361-0500][gc,phases     ] GC(3)   Pre Evacuate Collection Set: 0.1ms
[2023-06-28T23:21:32.361-0500][gc,phases     ] GC(3)   Evacuate Collection Set: 1.8ms
[2023-06-28T23:21:32.361-0500][gc,phases     ] GC(3)   Post Evacuate Collection Set: 0.3ms
[2023-06-28T23:21:32.361-0500][gc,phases     ] GC(3)   Other: 0.2ms
[2023-06-28T23:21:32.361-0500][gc,heap       ] GC(3) Eden regions: 22->0(48)
[2023-06-28T23:21:32.361-0500][gc,heap       ] GC(3) Survivor regions: 3->3(7)
[2023-06-28T23:21:32.361-0500][gc,heap       ] GC(3) Old regions: 7->7
[2023-06-28T23:21:32.361-0500][gc,heap       ] GC(3) Humongous regions: 129->129
[2023-06-28T23:21:32.361-0500][gc,metaspace  ] GC(3) Metaspace: 34954K(35888K)->34954K(35888K) NonClass: 31147K(31664K)->31147K(31664K) Class: 3807K(4224K)->3807K(4224K)
[2023-06-28T23:21:32.362-0500][gc            ] GC(3) Pause Young (Concurrent Start) (Metadata GC Threshold) 160M->138M(1024M) 2.562ms
[2023-06-28T23:21:32.362-0500][gc,cpu        ] GC(3) User=0.02s Sys=0.01s Real=0.01s
[2023-06-28T23:21:32.362-0500][gc            ] GC(4) Concurrent Cycle
[2023-06-28T23:21:32.362-0500][gc,marking    ] GC(4) Concurrent Clear Claimed Marks
[2023-06-28T23:21:32.362-0500][gc,marking    ] GC(4) Concurrent Clear Claimed Marks 0.042ms
[2023-06-28T23:21:32.362-0500][gc,marking    ] GC(4) Concurrent Scan Root Regions
[2023-06-28T23:21:32.363-0500][gc,marking    ] GC(4) Concurrent Scan Root Regions 1.045ms
[2023-06-28T23:21:32.363-0500][gc,marking    ] GC(4) Concurrent Mark (7.271s)
[2023-06-28T23:21:32.363-0500][gc,marking    ] GC(4) Concurrent Mark From Roots
[2023-06-28T23:21:32.363-0500][gc,task       ] GC(4) Using 3 workers of 3 for marking
[2023-06-28T23:21:32.367-0500][gc,marking    ] GC(4) Concurrent Mark From Roots 3.937ms
[2023-06-28T23:21:32.367-0500][gc,marking    ] GC(4) Concurrent Preclean
[2023-06-28T23:21:32.367-0500][gc,marking    ] GC(4) Concurrent Preclean 0.092ms
[2023-06-28T23:21:32.367-0500][gc,marking    ] GC(4) Concurrent Mark (7.271s, 7.275s) 4.099ms
[2023-06-28T23:21:32.367-0500][gc,start      ] GC(4) Pause Remark
[2023-06-28T23:21:32.369-0500][gc,stringtable] GC(4) Cleaned string and symbol table, strings: 10876 processed, 7 removed, symbols: 96840 processed, 25 removed
[2023-06-28T23:21:32.369-0500][gc            ] GC(4) Pause Remark 139M->139M(1024M) 2.190ms
[2023-06-28T23:21:32.369-0500][gc,cpu        ] GC(4) User=0.02s Sys=0.00s Real=0.00s
[2023-06-28T23:21:32.369-0500][gc,marking    ] GC(4) Concurrent Rebuild Remembered Sets
[2023-06-28T23:21:32.372-0500][gc,marking    ] GC(4) Concurrent Rebuild Remembered Sets 2.323ms
[2023-06-28T23:21:32.372-0500][gc,start      ] GC(4) Pause Cleanup
[2023-06-28T23:21:32.372-0500][gc            ] GC(4) Pause Cleanup 139M->139M(1024M) 0.236ms
[2023-06-28T23:21:32.372-0500][gc,cpu        ] GC(4) User=0.01s Sys=0.00s Real=0.00s
[2023-06-28T23:21:32.372-0500][gc,marking    ] GC(4) Concurrent Cleanup for Next Mark
[2023-06-28T23:21:32.378-0500][gc,marking    ] GC(4) Concurrent Cleanup for Next Mark 5.291ms
[2023-06-28T23:21:32.378-0500][gc            ] GC(4) Concurrent Cycle 16.053ms
[2023-06-28T23:21:32.975-0500][gc,start      ] GC(5) Pause Young (Normal) (G1 Evacuation Pause)
[2023-06-28T23:21:32.975-0500][gc,task       ] GC(5) Using 13 workers of 13 for evacuation
[2023-06-28T23:21:32.979-0500][gc,phases     ] GC(5)   Pre Evacuate Collection Set: 0.0ms
[2023-06-28T23:21:32.979-0500][gc,phases     ] GC(5)   Evacuate Collection Set: 2.8ms
[2023-06-28T23:21:32.979-0500][gc,phases     ] GC(5)   Post Evacuate Collection Set: 0.4ms
[2023-06-28T23:21:32.979-0500][gc,phases     ] GC(5)   Other: 0.2ms
[2023-06-28T23:21:32.979-0500][gc,heap       ] GC(5) Eden regions: 48->0(44)
[2023-06-28T23:21:32.979-0500][gc,heap       ] GC(5) Survivor regions: 3->7(7)
[2023-06-28T23:21:32.979-0500][gc,heap       ] GC(5) Old regions: 7->7
[2023-06-28T23:21:32.979-0500][gc,heap       ] GC(5) Humongous regions: 129->129
[2023-06-28T23:21:32.979-0500][gc,metaspace  ] GC(5) Metaspace: 43249K(44720K)->43249K(44720K) NonClass: 38363K(39088K)->38363K(39088K) Class: 4886K(5632K)->4886K(5632K)
[2023-06-28T23:21:32.979-0500][gc            ] GC(5) Pause Young (Normal) (G1 Evacuation Pause) 186M->142M(1024M) 3.478ms
[2023-06-28T23:21:32.979-0500][gc,cpu        ] GC(5) User=0.03s Sys=0.01s Real=0.00s
[2023-06-28T23:50:56.711-0500][gc,heap,exit  ] Heap
[2023-06-28T23:50:56.712-0500][gc,heap,exit  ]  garbage-first heap   total 1048576K, used 169192K [0x00000007c0000000, 0x0000000800000000)
[2023-06-28T23:50:56.712-0500][gc,heap,exit  ]   region size 1024K, 32 young (32768K), 7 survivors (7168K)
[2023-06-28T23:50:56.712-0500][gc,heap,exit  ]  Metaspace       used 45155K, capacity 46836K, committed 47024K, reserved 1089536K
[2023-06-28T23:50:56.712-0500][gc,heap,exit  ]   class space    used 5229K, capacity 6017K, committed 6144K, reserved 1048576K
