[2023-06-28T23:18:14.285-0500][gc,heap] Heap region size: 1M
[2023-06-28T23:18:14.289-0500][gc     ] Using G1
[2023-06-28T23:18:14.289-0500][gc,heap,coops] Heap address: 0x00000007e0000000, size: 512 MB, Compressed Oops mode: Zero based, Oop shift amount: 3
[2023-06-28T23:18:19.807-0500][gc,start     ] GC(0) Pause Young (Normal) (G1 Evacuation Pause)
[2023-06-28T23:18:19.808-0500][gc,task      ] GC(0) Using 12 workers of 13 for evacuation
[2023-06-28T23:18:19.813-0500][gc,phases    ] GC(0)   Pre Evacuate Collection Set: 0.0ms
[2023-06-28T23:18:19.813-0500][gc,phases    ] GC(0)   Evacuate Collection Set: 4.6ms
[2023-06-28T23:18:19.813-0500][gc,phases    ] GC(0)   Post Evacuate Collection Set: 0.3ms
[2023-06-28T23:18:19.813-0500][gc,phases    ] GC(0)   Other: 0.7ms
[2023-06-28T23:18:19.813-0500][gc,heap      ] GC(0) Eden regions: 25->0(21)
[2023-06-28T23:18:19.813-0500][gc,heap      ] GC(0) Survivor regions: 0->4(4)
[2023-06-28T23:18:19.813-0500][gc,heap      ] GC(0) Old regions: 0->4
[2023-06-28T23:18:19.813-0500][gc,heap      ] GC(0) Humongous regions: 0->0
[2023-06-28T23:18:19.813-0500][gc,metaspace ] GC(0) Metaspace: 14921K(15488K)->14921K(15488K) NonClass: 13455K(13824K)->13455K(13824K) Class: 1466K(1664K)->1466K(1664K)
[2023-06-28T23:18:19.813-0500][gc           ] GC(0) Pause Young (Normal) (G1 Evacuation Pause) 25M->7M(512M) 5.783ms
[2023-06-28T23:18:19.813-0500][gc,cpu       ] GC(0) User=0.03s Sys=0.02s Real=0.01s
[2023-06-28T23:50:31.492-0500][gc,heap,exit ] Heap
[2023-06-28T23:50:31.493-0500][gc,heap,exit ]  garbage-first heap   total 524288K, used 20566K [0x00000007e0000000, 0x0000000800000000)
[2023-06-28T23:50:31.493-0500][gc,heap,exit ]   region size 1024K, 19 young (19456K), 4 survivors (4096K)
[2023-06-28T23:50:31.493-0500][gc,heap,exit ]  Metaspace       used 16817K, capacity 17207K, committed 17408K, reserved 1064960K
[2023-06-28T23:50:31.493-0500][gc,heap,exit ]   class space    used 1646K, capacity 1784K, committed 1792K, reserved 1048576K
