[2023-06-28T23:50:39.299-0500][gc,heap] Heap region size: 1M
[2023-06-28T23:50:39.304-0500][gc     ] Using G1
[2023-06-28T23:50:39.304-0500][gc,heap,coops] Heap address: 0x00000007e0000000, size: 512 MB, Compressed Oops mode: Zero based, Oop shift amount: 3
[2023-06-28T23:50:44.811-0500][gc,start     ] GC(0) Pause Young (Normal) (G1 Evacuation Pause)
[2023-06-28T23:50:44.812-0500][gc,task      ] GC(0) Using 12 workers of 13 for evacuation
[2023-06-28T23:50:44.817-0500][gc,phases    ] GC(0)   Pre Evacuate Collection Set: 0.0ms
[2023-06-28T23:50:44.817-0500][gc,phases    ] GC(0)   Evacuate Collection Set: 4.3ms
[2023-06-28T23:50:44.817-0500][gc,phases    ] GC(0)   Post Evacuate Collection Set: 0.3ms
[2023-06-28T23:50:44.817-0500][gc,phases    ] GC(0)   Other: 0.7ms
[2023-06-28T23:50:44.817-0500][gc,heap      ] GC(0) Eden regions: 25->0(21)
[2023-06-28T23:50:44.817-0500][gc,heap      ] GC(0) Survivor regions: 0->4(4)
[2023-06-28T23:50:44.817-0500][gc,heap      ] GC(0) Old regions: 0->4
[2023-06-28T23:50:44.817-0500][gc,heap      ] GC(0) Humongous regions: 0->0
[2023-06-28T23:50:44.817-0500][gc,metaspace ] GC(0) Metaspace: 15212K(15744K)->15212K(15744K) NonClass: 13718K(14080K)->13718K(14080K) Class: 1494K(1664K)->1494K(1664K)
[2023-06-28T23:50:44.817-0500][gc           ] GC(0) Pause Young (Normal) (G1 Evacuation Pause) 25M->7M(512M) 5.463ms
[2023-06-28T23:50:44.817-0500][gc,cpu       ] GC(0) User=0.03s Sys=0.02s Real=0.00s
[2023-06-29T03:42:34.285-0500][gc,start     ] GC(1) Pause Young (Normal) (G1 Evacuation Pause)
[2023-06-29T03:42:34.285-0500][gc,task      ] GC(1) Using 12 workers of 13 for evacuation
[2023-06-29T03:42:34.290-0500][gc,phases    ] GC(1)   Pre Evacuate Collection Set: 0.0ms
[2023-06-29T03:42:34.290-0500][gc,phases    ] GC(1)   Evacuate Collection Set: 4.1ms
[2023-06-29T03:42:34.290-0500][gc,phases    ] GC(1)   Post Evacuate Collection Set: 0.4ms
[2023-06-29T03:42:34.290-0500][gc,phases    ] GC(1)   Other: 0.3ms
[2023-06-29T03:42:34.290-0500][gc,heap      ] GC(1) Eden regions: 21->0(24)
[2023-06-29T03:42:34.290-0500][gc,heap      ] GC(1) Survivor regions: 4->1(4)
[2023-06-29T03:42:34.290-0500][gc,heap      ] GC(1) Old regions: 4->8
[2023-06-29T03:42:34.290-0500][gc,heap      ] GC(1) Humongous regions: 0->0
[2023-06-29T03:42:34.290-0500][gc,metaspace ] GC(1) Metaspace: 17029K(17664K)->17029K(17664K) NonClass: 15382K(15872K)->15382K(15872K) Class: 1646K(1792K)->1646K(1792K)
[2023-06-29T03:42:34.290-0500][gc           ] GC(1) Pause Young (Normal) (G1 Evacuation Pause) 28M->7M(512M) 5.010ms
[2023-06-29T03:42:34.290-0500][gc,cpu       ] GC(1) User=0.04s Sys=0.01s Real=0.01s
[2023-06-29T11:21:44.243-0500][gc,start     ] GC(2) Pause Young (Normal) (G1 Evacuation Pause)
[2023-06-29T11:21:44.244-0500][gc,task      ] GC(2) Using 12 workers of 13 for evacuation
[2023-06-29T11:21:44.245-0500][gc,phases    ] GC(2)   Pre Evacuate Collection Set: 0.0ms
[2023-06-29T11:21:44.245-0500][gc,phases    ] GC(2)   Evacuate Collection Set: 0.9ms
[2023-06-29T11:21:44.245-0500][gc,phases    ] GC(2)   Post Evacuate Collection Set: 0.2ms
[2023-06-29T11:21:44.245-0500][gc,phases    ] GC(2)   Other: 0.9ms
[2023-06-29T11:21:44.245-0500][gc,heap      ] GC(2) Eden regions: 24->0(24)
[2023-06-29T11:21:44.245-0500][gc,heap      ] GC(2) Survivor regions: 1->1(4)
[2023-06-29T11:21:44.245-0500][gc,heap      ] GC(2) Old regions: 8->8
[2023-06-29T11:21:44.245-0500][gc,heap      ] GC(2) Humongous regions: 0->0
[2023-06-29T11:21:44.246-0500][gc,metaspace ] GC(2) Metaspace: 17040K(17664K)->17040K(17664K) NonClass: 15394K(15872K)->15394K(15872K) Class: 1646K(1792K)->1646K(1792K)
[2023-06-29T11:21:44.246-0500][gc           ] GC(2) Pause Young (Normal) (G1 Evacuation Pause) 31M->7M(512M) 2.068ms
[2023-06-29T11:21:44.246-0500][gc,cpu       ] GC(2) User=0.01s Sys=0.00s Real=0.00s
[2023-06-29T19:03:24.255-0500][gc,start     ] GC(3) Pause Young (Normal) (G1 Evacuation Pause)
[2023-06-29T19:03:24.255-0500][gc,task      ] GC(3) Using 12 workers of 13 for evacuation
[2023-06-29T19:03:24.258-0500][gc,phases    ] GC(3)   Pre Evacuate Collection Set: 0.0ms
[2023-06-29T19:03:24.258-0500][gc,phases    ] GC(3)   Evacuate Collection Set: 1.7ms
[2023-06-29T19:03:24.258-0500][gc,phases    ] GC(3)   Post Evacuate Collection Set: 1.3ms
[2023-06-29T19:03:24.258-0500][gc,phases    ] GC(3)   Other: 0.3ms
[2023-06-29T19:03:24.258-0500][gc,heap      ] GC(3) Eden regions: 24->0(24)
[2023-06-29T19:03:24.258-0500][gc,heap      ] GC(3) Survivor regions: 1->1(4)
[2023-06-29T19:03:24.258-0500][gc,heap      ] GC(3) Old regions: 8->8
[2023-06-29T19:03:24.258-0500][gc,heap      ] GC(3) Humongous regions: 0->0
[2023-06-29T19:03:24.258-0500][gc,metaspace ] GC(3) Metaspace: 17040K(17664K)->17040K(17664K) NonClass: 15394K(15872K)->15394K(15872K) Class: 1646K(1792K)->1646K(1792K)
[2023-06-29T19:03:24.258-0500][gc           ] GC(3) Pause Young (Normal) (G1 Evacuation Pause) 31M->7M(512M) 3.447ms
[2023-06-29T19:03:24.258-0500][gc,cpu       ] GC(3) User=0.03s Sys=0.01s Real=0.00s
[2023-06-30T02:56:52.520-0500][gc,start     ] GC(4) Pause Young (Normal) (G1 Evacuation Pause)
[2023-06-30T02:56:52.521-0500][gc,task      ] GC(4) Using 12 workers of 13 for evacuation
[2023-06-30T02:56:52.525-0500][gc,phases    ] GC(4)   Pre Evacuate Collection Set: 0.0ms
[2023-06-30T02:56:52.525-0500][gc,phases    ] GC(4)   Evacuate Collection Set: 1.9ms
[2023-06-30T02:56:52.525-0500][gc,phases    ] GC(4)   Post Evacuate Collection Set: 1.3ms
[2023-06-30T02:56:52.525-0500][gc,phases    ] GC(4)   Other: 1.4ms
[2023-06-30T02:56:52.525-0500][gc,heap      ] GC(4) Eden regions: 24->0(25)
[2023-06-30T02:56:52.525-0500][gc,heap      ] GC(4) Survivor regions: 1->1(4)
[2023-06-30T02:56:52.525-0500][gc,heap      ] GC(4) Old regions: 8->8
[2023-06-30T02:56:52.525-0500][gc,heap      ] GC(4) Humongous regions: 0->0
[2023-06-30T02:56:52.525-0500][gc,metaspace ] GC(4) Metaspace: 17047K(17664K)->17047K(17664K) NonClass: 15401K(15872K)->15401K(15872K) Class: 1646K(1792K)->1646K(1792K)
[2023-06-30T02:56:52.525-0500][gc           ] GC(4) Pause Young (Normal) (G1 Evacuation Pause) 31M->7M(512M) 4.805ms
[2023-06-30T02:56:52.525-0500][gc,cpu       ] GC(4) User=0.03s Sys=0.00s Real=0.00s
[2023-06-30T11:04:50.548-0500][gc,start     ] GC(5) Pause Young (Normal) (G1 Evacuation Pause)
[2023-06-30T11:04:50.549-0500][gc,task      ] GC(5) Using 12 workers of 13 for evacuation
[2023-06-30T11:04:50.551-0500][gc,phases    ] GC(5)   Pre Evacuate Collection Set: 0.0ms
[2023-06-30T11:04:50.551-0500][gc,phases    ] GC(5)   Evacuate Collection Set: 1.6ms
[2023-06-30T11:04:50.551-0500][gc,phases    ] GC(5)   Post Evacuate Collection Set: 0.4ms
[2023-06-30T11:04:50.551-0500][gc,phases    ] GC(5)   Other: 1.0ms
[2023-06-30T11:04:50.551-0500][gc,heap      ] GC(5) Eden regions: 25->0(29)
[2023-06-30T11:04:50.551-0500][gc,heap      ] GC(5) Survivor regions: 1->1(4)
[2023-06-30T11:04:50.551-0500][gc,heap      ] GC(5) Old regions: 8->8
[2023-06-30T11:04:50.551-0500][gc,heap      ] GC(5) Humongous regions: 0->0
[2023-06-30T11:04:50.551-0500][gc,metaspace ] GC(5) Metaspace: 17047K(17664K)->17047K(17664K) NonClass: 15401K(15872K)->15401K(15872K) Class: 1646K(1792K)->1646K(1792K)
[2023-06-30T11:04:50.551-0500][gc           ] GC(5) Pause Young (Normal) (G1 Evacuation Pause) 32M->7M(512M) 3.173ms
[2023-06-30T11:04:50.551-0500][gc,cpu       ] GC(5) User=0.02s Sys=0.00s Real=0.01s
[2023-06-30T20:37:55.186-0500][gc,start     ] GC(6) Pause Young (Normal) (G1 Evacuation Pause)
[2023-06-30T20:37:55.188-0500][gc,task      ] GC(6) Using 12 workers of 13 for evacuation
[2023-06-30T20:37:55.191-0500][gc,phases    ] GC(6)   Pre Evacuate Collection Set: 0.0ms
[2023-06-30T20:37:55.191-0500][gc,phases    ] GC(6)   Evacuate Collection Set: 1.6ms
[2023-06-30T20:37:55.191-0500][gc,phases    ] GC(6)   Post Evacuate Collection Set: 1.4ms
[2023-06-30T20:37:55.191-0500][gc,phases    ] GC(6)   Other: 1.4ms
[2023-06-30T20:37:55.191-0500][gc,heap      ] GC(6) Eden regions: 29->0(32)
[2023-06-30T20:37:55.191-0500][gc,heap      ] GC(6) Survivor regions: 1->1(4)
[2023-06-30T20:37:55.191-0500][gc,heap      ] GC(6) Old regions: 8->8
[2023-06-30T20:37:55.191-0500][gc,heap      ] GC(6) Humongous regions: 0->0
[2023-06-30T20:37:55.191-0500][gc,metaspace ] GC(6) Metaspace: 17047K(17664K)->17047K(17664K) NonClass: 15401K(15872K)->15401K(15872K) Class: 1646K(1792K)->1646K(1792K)
[2023-06-30T20:37:55.191-0500][gc           ] GC(6) Pause Young (Normal) (G1 Evacuation Pause) 36M->7M(512M) 4.636ms
[2023-06-30T20:37:55.191-0500][gc,cpu       ] GC(6) User=0.03s Sys=0.00s Real=0.01s
[2023-07-01T07:13:44.861-0500][gc,start     ] GC(7) Pause Young (Normal) (G1 Evacuation Pause)
[2023-07-01T07:13:44.861-0500][gc,task      ] GC(7) Using 12 workers of 13 for evacuation
[2023-07-01T07:13:44.864-0500][gc,phases    ] GC(7)   Pre Evacuate Collection Set: 0.0ms
[2023-07-01T07:13:44.864-0500][gc,phases    ] GC(7)   Evacuate Collection Set: 1.8ms
[2023-07-01T07:13:44.864-0500][gc,phases    ] GC(7)   Post Evacuate Collection Set: 0.3ms
[2023-07-01T07:13:44.864-0500][gc,phases    ] GC(7)   Other: 1.2ms
[2023-07-01T07:13:44.864-0500][gc,heap      ] GC(7) Eden regions: 32->0(36)
[2023-07-01T07:13:44.864-0500][gc,heap      ] GC(7) Survivor regions: 1->1(5)
[2023-07-01T07:13:44.864-0500][gc,heap      ] GC(7) Old regions: 8->8
[2023-07-01T07:13:44.864-0500][gc,heap      ] GC(7) Humongous regions: 0->0
[2023-07-01T07:13:44.864-0500][gc,metaspace ] GC(7) Metaspace: 17050K(17664K)->17050K(17664K) NonClass: 15404K(15872K)->15404K(15872K) Class: 1646K(1792K)->1646K(1792K)
[2023-07-01T07:13:44.864-0500][gc           ] GC(7) Pause Young (Normal) (G1 Evacuation Pause) 39M->7M(512M) 3.468ms
[2023-07-01T07:13:44.864-0500][gc,cpu       ] GC(7) User=0.01s Sys=0.01s Real=0.00s
[2023-07-01T19:13:12.150-0500][gc,start     ] GC(8) Pause Young (Normal) (G1 Evacuation Pause)
[2023-07-01T19:13:12.150-0500][gc,task      ] GC(8) Using 12 workers of 13 for evacuation
[2023-07-01T19:13:12.153-0500][gc,phases    ] GC(8)   Pre Evacuate Collection Set: 0.0ms
[2023-07-01T19:13:12.154-0500][gc,phases    ] GC(8)   Evacuate Collection Set: 1.6ms
[2023-07-01T19:13:12.154-0500][gc,phases    ] GC(8)   Post Evacuate Collection Set: 1.3ms
[2023-07-01T19:13:12.154-0500][gc,phases    ] GC(8)   Other: 0.3ms
[2023-07-01T19:13:12.154-0500][gc,heap      ] GC(8) Eden regions: 36->0(41)
[2023-07-01T19:13:12.154-0500][gc,heap      ] GC(8) Survivor regions: 1->1(5)
[2023-07-01T19:13:12.154-0500][gc,heap      ] GC(8) Old regions: 8->8
[2023-07-01T19:13:12.154-0500][gc,heap      ] GC(8) Humongous regions: 0->0
[2023-07-01T19:13:12.154-0500][gc,metaspace ] GC(8) Metaspace: 17050K(17664K)->17050K(17664K) NonClass: 15404K(15872K)->15404K(15872K) Class: 1646K(1792K)->1646K(1792K)
[2023-07-01T19:13:12.154-0500][gc           ] GC(8) Pause Young (Normal) (G1 Evacuation Pause) 43M->7M(512M) 3.394ms
[2023-07-01T19:13:12.154-0500][gc,cpu       ] GC(8) User=0.03s Sys=0.00s Real=0.00s
[2023-07-02T08:54:30.856-0500][gc,start     ] GC(9) Pause Young (Normal) (G1 Evacuation Pause)
[2023-07-02T08:54:30.857-0500][gc,task      ] GC(9) Using 12 workers of 13 for evacuation
[2023-07-02T08:54:30.860-0500][gc,phases    ] GC(9)   Pre Evacuate Collection Set: 0.0ms
[2023-07-02T08:54:30.861-0500][gc,phases    ] GC(9)   Evacuate Collection Set: 1.6ms
[2023-07-02T08:54:30.861-0500][gc,phases    ] GC(9)   Post Evacuate Collection Set: 1.3ms
[2023-07-02T08:54:30.861-0500][gc,phases    ] GC(9)   Other: 1.4ms
[2023-07-02T08:54:30.861-0500][gc,heap      ] GC(9) Eden regions: 41->0(48)
[2023-07-02T08:54:30.861-0500][gc,heap      ] GC(9) Survivor regions: 1->1(6)
[2023-07-02T08:54:30.861-0500][gc,heap      ] GC(9) Old regions: 8->8
[2023-07-02T08:54:30.861-0500][gc,heap      ] GC(9) Humongous regions: 0->0
[2023-07-02T08:54:30.861-0500][gc,metaspace ] GC(9) Metaspace: 17050K(17664K)->17050K(17664K) NonClass: 15404K(15872K)->15404K(15872K) Class: 1646K(1792K)->1646K(1792K)
[2023-07-02T08:54:30.861-0500][gc           ] GC(9) Pause Young (Normal) (G1 Evacuation Pause) 48M->7M(512M) 4.518ms
[2023-07-02T08:54:30.861-0500][gc,cpu       ] GC(9) User=0.03s Sys=0.00s Real=0.01s
[2023-07-03T00:54:56.681-0500][gc,start     ] GC(10) Pause Young (Normal) (G1 Evacuation Pause)
[2023-07-03T00:54:56.682-0500][gc,task      ] GC(10) Using 12 workers of 13 for evacuation
[2023-07-03T00:54:56.685-0500][gc,phases    ] GC(10)   Pre Evacuate Collection Set: 0.0ms
[2023-07-03T00:54:56.685-0500][gc,phases    ] GC(10)   Evacuate Collection Set: 1.8ms
[2023-07-03T00:54:56.685-0500][gc,phases    ] GC(10)   Post Evacuate Collection Set: 1.3ms
[2023-07-03T00:54:56.685-0500][gc,phases    ] GC(10)   Other: 1.4ms
[2023-07-03T00:54:56.685-0500][gc,heap      ] GC(10) Eden regions: 48->0(57)
[2023-07-03T00:54:56.685-0500][gc,heap      ] GC(10) Survivor regions: 1->1(7)
[2023-07-03T00:54:56.685-0500][gc,heap      ] GC(10) Old regions: 8->8
[2023-07-03T00:54:56.685-0500][gc,heap      ] GC(10) Humongous regions: 0->0
[2023-07-03T00:54:56.685-0500][gc,metaspace ] GC(10) Metaspace: 17051K(17664K)->17051K(17664K) NonClass: 15405K(15872K)->15405K(15872K) Class: 1646K(1792K)->1646K(1792K)
[2023-07-03T00:54:56.685-0500][gc           ] GC(10) Pause Young (Normal) (G1 Evacuation Pause) 55M->7M(512M) 4.582ms
[2023-07-03T00:54:56.685-0500][gc,cpu       ] GC(10) User=0.03s Sys=0.00s Real=0.00s
[2023-07-03T22:53:09.614-0500][gc,start     ] GC(11) Pause Young (Normal) (G1 Evacuation Pause)
[2023-07-03T22:53:09.615-0500][gc,task      ] GC(11) Using 12 workers of 13 for evacuation
[2023-07-03T22:53:09.623-0500][gc,phases    ] GC(11)   Pre Evacuate Collection Set: 1.0ms
[2023-07-03T22:53:09.623-0500][gc,phases    ] GC(11)   Evacuate Collection Set: 5.3ms
[2023-07-03T22:53:09.623-0500][gc,phases    ] GC(11)   Post Evacuate Collection Set: 1.2ms
[2023-07-03T22:53:09.623-0500][gc,phases    ] GC(11)   Other: 1.7ms
[2023-07-03T22:53:09.623-0500][gc,heap      ] GC(11) Eden regions: 57->0(63)
[2023-07-03T22:53:09.623-0500][gc,heap      ] GC(11) Survivor regions: 1->1(8)
[2023-07-03T22:53:09.623-0500][gc,heap      ] GC(11) Old regions: 8->8
[2023-07-03T22:53:09.623-0500][gc,heap      ] GC(11) Humongous regions: 0->0
[2023-07-03T22:53:09.623-0500][gc,metaspace ] GC(11) Metaspace: 17066K(17664K)->17066K(17664K) NonClass: 15419K(15872K)->15419K(15872K) Class: 1646K(1792K)->1646K(1792K)
[2023-07-03T22:53:09.623-0500][gc           ] GC(11) Pause Young (Normal) (G1 Evacuation Pause) 64M->7M(512M) 9.203ms
[2023-07-03T22:53:09.623-0500][gc,cpu       ] GC(11) User=0.03s Sys=0.02s Real=0.01s
[2023-07-04T19:58:50.890-0500][gc,start     ] GC(12) Pause Young (Normal) (G1 Evacuation Pause)
[2023-07-04T19:58:50.891-0500][gc,task      ] GC(12) Using 12 workers of 13 for evacuation
[2023-07-04T19:58:50.895-0500][gc,phases    ] GC(12)   Pre Evacuate Collection Set: 0.0ms
[2023-07-04T19:58:50.895-0500][gc,phases    ] GC(12)   Evacuate Collection Set: 2.4ms
[2023-07-04T19:58:50.895-0500][gc,phases    ] GC(12)   Post Evacuate Collection Set: 1.1ms
[2023-07-04T19:58:50.895-0500][gc,phases    ] GC(12)   Other: 1.1ms
[2023-07-04T19:58:50.895-0500][gc,heap      ] GC(12) Eden regions: 63->0(67)
[2023-07-04T19:58:50.895-0500][gc,heap      ] GC(12) Survivor regions: 1->1(8)
[2023-07-04T19:58:50.895-0500][gc,heap      ] GC(12) Old regions: 8->8
[2023-07-04T19:58:50.895-0500][gc,heap      ] GC(12) Humongous regions: 0->0
[2023-07-04T19:58:50.895-0500][gc,metaspace ] GC(12) Metaspace: 17066K(17664K)->17066K(17664K) NonClass: 15419K(15872K)->15419K(15872K) Class: 1646K(1792K)->1646K(1792K)
[2023-07-04T19:58:50.895-0500][gc           ] GC(12) Pause Young (Normal) (G1 Evacuation Pause) 70M->7M(512M) 4.822ms
[2023-07-04T19:58:50.895-0500][gc,cpu       ] GC(12) User=0.02s Sys=0.01s Real=0.00s
[2023-07-05T11:53:18.816-0500][gc,heap,exit ] Heap
[2023-07-05T11:53:18.816-0500][gc,heap,exit ]  garbage-first heap   total 524288K, used 59073K [0x00000007e0000000, 0x0000000800000000)
[2023-07-05T11:53:18.816-0500][gc,heap,exit ]   region size 1024K, 52 young (53248K), 1 survivors (1024K)
[2023-07-05T11:53:18.816-0500][gc,heap,exit ]  Metaspace       used 17085K, capacity 17463K, committed 17664K, reserved 1064960K
[2023-07-05T11:53:18.816-0500][gc,heap,exit ]   class space    used 1647K, capacity 1784K, committed 1792K, reserved 1048576K
